MO TrgOutCtrl NULL /../TrgOutCtrl/TrgOutCtrl.v vlg56/_trg_out_ctrl.bin 1742541298
MO ConfigReg NULL /../ConfigReg/ConfigReg.v vlg68/_config_reg.bin 1741338705
MO Coincidence NULL /../Coincidence.v vlg54/_coincidence.bin 1741332287
MO HitTrgCount NULL /../HitTrgCount/HitTrgCount.v vlg4F/_hit_trg_count.bin 1742300058
MO TrgMonData NULL /../TrgMonData/TrgMonData.v vlg01/_trg_mon_data.bin 1743165904
MO GroundTestGen NULL /../GroundTestGen/GroundTestGen.v vlg5D/_ground_test_gen.bin 1743076149
MO CycledTrgGen NULL /../CycledTrgGen/CycledTrgGen.v vlg1F/_cycled_trg_gen.bin 1741610726
